ERROR: usage: pytest [options] [file_or_dir] [file_or_dir] [...]
pytest: error: unrecognized arguments: --cov=. --cov-report=html --cov-report=term-missing --cov-report=xml --cov-fail-under=70 --cov-report=term-missing:skip-covered --no-cov
  inifile: /Users/frank/Documents/Code/Genspark/agentswarm-tools/pytest.ini
  rootdir: /Users/frank/Documents/Code/Genspark/agentswarm-tools

