
🧪 COMPREHENSIVE TOOL TESTING
Started: 2025-11-20 16:51:32
Environment: USE_MOCK_APIS=false

======================================================================
CATEGORY: WORKSPACE INTEGRATION (2 tools)
======================================================================

======================================================================
Testing: workspace/notion_search
======================================================================
✓ Tool instantiated: {'query': 'a', 'max_results': 5}
2025-11-20 16:51:32,713 - agentswarm.tools.notion_search - INFO - Starting notion_search [request_id=87d6d085-50ce-42dd-87cf-4c1f2ff56a02]
<string>:5: DeprecationWarning: datetime.datetime.utcnow() is deprecated and scheduled for removal in a future version. Use timezone-aware objects to represent datetimes in UTC: datetime.datetime.now(datetime.UTC).
/app/shared/errors.py:26: DeprecationWarning: datetime.datetime.utcnow() is deprecated and scheduled for removal in a future version. Use timezone-aware objects to represent datetimes in UTC: datetime.datetime.now(datetime.UTC).
  self.timestamp = datetime.utcnow()
2025-11-20 16:51:32,715 - agentswarm.tools.notion_search - WARNING - Attempt 1 failed: notion_search: [API_ERROR] Failed: notion_search: [API_ERROR] NOTION_API_KEY environment variable not set. Retrying in 1.0s...
2025-11-20 16:51:33,716 - agentswarm.tools.notion_search - WARNING - Attempt 2 failed: notion_search: [API_ERROR] Failed: notion_search: [API_ERROR] NOTION_API_KEY environment variable not set. Retrying in 2.0s...
2025-11-20 16:51:35,718 - agentswarm.tools.notion_search - ERROR - Failed notion_search after 3004.68ms [request_id=87d6d085-50ce-42dd-87cf-4c1f2ff56a02] Error: notion_search: [API_ERROR] Failed: notion_search: [API_ERROR] NOTION_API_KEY environment variable not set
❌ FAILED: {'code': 'API_ERROR', 'message': 'Failed: notion_search: [API_ERROR] NOTION_API_KEY environment variable not set', 'tool': 'notion_search', 'retry_after': None, 'details': {'api_name': None, 'status_code': None}, 'request_id': '87d6d085-50ce-42dd-87cf-4c1f2ff56a02'}
2025-11-20 16:51:35,719 - agentswarm.tools.notion_search - INFO - Starting notion_search [request_id=66b732d7-d267-48e3-94b2-c92d61fe9150]
2025-11-20 16:51:35,719 - agentswarm.tools.notion_search - WARNING - Attempt 1 failed: notion_search: [API_ERROR] Failed: notion_search: [API_ERROR] NOTION_API_KEY environment variable not set. Retrying in 1.0s...
2025-11-20 16:51:36,725 - agentswarm.tools.notion_search - WARNING - Attempt 2 failed: notion_search: [API_ERROR] Failed: notion_search: [API_ERROR] NOTION_API_KEY environment variable not set. Retrying in 2.0s...
2025-11-20 16:51:38,726 - agentswarm.tools.notion_search - ERROR - Failed notion_search after 3006.60ms [request_id=66b732d7-d267-48e3-94b2-c92d61fe9150] Error: notion_search: [API_ERROR] Failed: notion_search: [API_ERROR] NOTION_API_KEY environment variable not set
⚠️  notion_read: Skipped (no pages found)

======================================================================
CATEGORY: SEARCH & INFORMATION (8 tools)
======================================================================

======================================================================
Testing: search/web_search
======================================================================
✓ Tool instantiated: {'query': 'Python programming', 'max_results': 3}
2025-11-20 16:51:38,730 - agentswarm.tools.web_search - INFO - Starting web_search [request_id=76b8a602-1ed2-4e1f-934f-bf809a38b136]
2025-11-20 16:51:38,857 - agentswarm.tools.web_search - WARNING - Attempt 1 failed: web_search: [API_ERROR] Failed: web_search: [API_ERROR] API request failed: 400 Client Error: Bad Request for url: https://www.googleapis.com/customsearch/v1?q=Python+programming&num=3&key=YOUR_API_KEY&cx=YOUR_SEARCH_ENGINE_ID. Retrying in 1.0s...
2025-11-20 16:51:39,972 - agentswarm.tools.web_search - WARNING - Attempt 2 failed: web_search: [API_ERROR] Failed: web_search: [API_ERROR] API request failed: 400 Client Error: Bad Request for url: https://www.googleapis.com/customsearch/v1?q=Python+programming&num=3&key=YOUR_API_KEY&cx=YOUR_SEARCH_ENGINE_ID. Retrying in 2.0s...
2025-11-20 16:51:42,086 - agentswarm.tools.web_search - ERROR - Failed web_search after 3355.56ms [request_id=76b8a602-1ed2-4e1f-934f-bf809a38b136] Error: web_search: [API_ERROR] Failed: web_search: [API_ERROR] API request failed: 400 Client Error: Bad Request for url: https://www.googleapis.com/customsearch/v1?q=Python+programming&num=3&key=YOUR_API_KEY&cx=YOUR_SEARCH_ENGINE_ID
❌ FAILED: {'code': 'API_ERROR', 'message': 'Failed: web_search: [API_ERROR] API request failed: 400 Client Error: Bad Request for url: https://www.googleapis.com/customsearch/v1?q=Python+programming&num=3&key=YOUR_API_KEY&cx=YOUR_SEARCH_ENGINE_ID', 'tool': 'web_search', 'retry_after': None, 'details': {'api_name': None, 'status_code': None}, 'request_id': '76b8a602-1ed2-4e1f-934f-bf809a38b136'}

======================================================================
Testing: search/scholar_search
======================================================================
✓ Tool instantiated: {'query': 'machine learning', 'max_results': 3}
2025-11-20 16:51:42,096 - agentswarm.tools.scholar_search - INFO - Starting scholar_search [request_id=0e46e660-7777-4623-b916-1b7bce055887]
2025-11-20 16:51:42,902 - agentswarm.tools.scholar_search - WARNING - Attempt 1 failed: scholar_search: [API_ERROR] Failed: scholar_search: [API_ERROR] API request failed: HTTPSConnectionPool(host='api.example.com', port=443): Max retries exceeded with url: /scholarly-search?query=machine+learning&max_results=3 (Caused by NameResolutionError("<urllib3.connection.HTTPSConnection object at 0xffff82d58d70>: Failed to resolve 'api.example.com' ([Errno -2] Name or service not known)")). Retrying in 1.0s...
2025-11-20 16:51:43,910 - agentswarm.tools.scholar_search - WARNING - Attempt 2 failed: scholar_search: [API_ERROR] Failed: scholar_search: [API_ERROR] API request failed: HTTPSConnectionPool(host='api.example.com', port=443): Max retries exceeded with url: /scholarly-search?query=machine+learning&max_results=3 (Caused by NameResolutionError("<urllib3.connection.HTTPSConnection object at 0xffff82d597c0>: Failed to resolve 'api.example.com' ([Errno -2] Name or service not known)")). Retrying in 2.0s...
2025-11-20 16:51:45,924 - agentswarm.tools.scholar_search - ERROR - Failed scholar_search after 3827.72ms [request_id=0e46e660-7777-4623-b916-1b7bce055887] Error: scholar_search: [API_ERROR] Failed: scholar_search: [API_ERROR] API request failed: HTTPSConnectionPool(host='api.example.com', port=443): Max retries exceeded with url: /scholarly-search?query=machine+learning&max_results=3 (Caused by NameResolutionError("<urllib3.connection.HTTPSConnection object at 0xffff86110dd0>: Failed to resolve 'api.example.com' ([Errno -2] Name or service not known)"))
❌ FAILED: {'code': 'API_ERROR', 'message': 'Failed: scholar_search: [API_ERROR] API request failed: HTTPSConnectionPool(host=\'api.example.com\', port=443): Max retries exceeded with url: /scholarly-search?query=machine+learning&max_results=3 (Caused by NameResolutionError("<urllib3.connection.HTTPSConnection object at 0xffff86110dd0>: Failed to resolve \'api.example.com\' ([Errno -2] Name or service not known)"))', 'tool': 'scholar_search', 'retry_after': None, 'details': {'api_name': None, 'status_code': None}, 'request_id': '0e46e660-7777-4623-b916-1b7bce055887'}
⚠️  image_search: Skipped (no SERPAPI_KEY)

======================================================================
Testing: search/video_search
======================================================================
✓ Tool instantiated: {'query': 'Python tutorial', 'max_results': 3}
2025-11-20 16:51:45,934 - agentswarm.tools.video_search - INFO - Starting video_search [request_id=97594ef8-9012-424a-aca6-4327e23092e7]
2025-11-20 16:51:46,626 - agentswarm.tools.video_search - INFO - Completed video_search in 690.69ms [request_id=97594ef8-9012-424a-aca6-4327e23092e7] Result: {'success': True, 'result': [{'video_id': '_uQrJ0TkZlc', 'title': 'Python Full Course for Beginners'...
✅ SUCCESS
   Result preview: [{'video_id': '_uQrJ0TkZlc', 'title': 'Python Full Course for Beginners', 'channel': 'Programming with Mosh', 'views': 46281322, 'duration': '6:14:07', 'upload_date': '2019-02-18', 'thumbnails': {'def

======================================================================
Testing: search/google_product_search
======================================================================
✓ Tool instantiated: {'query': 'laptop', 'num_results': 3}
2025-11-20 16:51:46,638 - agentswarm.tools.google_product_search - INFO - Starting google_product_search [request_id=9a0b6d29-ba76-4c2e-b89a-8c26f2a8fe0e]
2025-11-20 16:51:46,754 - agentswarm.tools.google_product_search - WARNING - Attempt 1 failed: google_product_search: [API_ERROR] Failed: google_product_search: [API_ERROR] API request failed: 400 Client Error: Bad Request for url: https://www.googleapis.com/customsearch/v1?q=laptop&num=10&start=1&key=AIzaSyAmN7wxl_9POIFdDhRmswKjf74bzVi-Wkc&cx=c27d4872b54864599&searchType=shopping. Retrying in 1.0s...
2025-11-20 16:51:47,874 - agentswarm.tools.google_product_search - WARNING - Attempt 2 failed: google_product_search: [API_ERROR] Failed: google_product_search: [API_ERROR] API request failed: 400 Client Error: Bad Request for url: https://www.googleapis.com/customsearch/v1?q=laptop&num=10&start=1&key=AIzaSyAmN7wxl_9POIFdDhRmswKjf74bzVi-Wkc&cx=c27d4872b54864599&searchType=shopping. Retrying in 2.0s...
2025-11-20 16:51:49,988 - agentswarm.tools.google_product_search - ERROR - Failed google_product_search after 3349.10ms [request_id=9a0b6d29-ba76-4c2e-b89a-8c26f2a8fe0e] Error: google_product_search: [API_ERROR] Failed: google_product_search: [API_ERROR] API request failed: 400 Client Error: Bad Request for url: https://www.googleapis.com/customsearch/v1?q=laptop&num=10&start=1&key=AIzaSyAmN7wxl_9POIFdDhRmswKjf74bzVi-Wkc&cx=c27d4872b54864599&searchType=shopping
❌ FAILED: {'code': 'API_ERROR', 'message': 'Failed: google_product_search: [API_ERROR] API request failed: 400 Client Error: Bad Request for url: https://www.googleapis.com/customsearch/v1?q=laptop&num=10&start=1&key=AIzaSyAmN7wxl_9POIFdDhRmswKjf74bzVi-Wkc&cx=c27d4872b54864599&searchType=shopping', 'tool': 'google_product_search', 'retry_after': None, 'details': {'api_name': None, 'status_code': None}, 'request_id': '9a0b6d29-ba76-4c2e-b89a-8c26f2a8fe0e'}

======================================================================
Testing: search/financial_report
======================================================================
❌ EXCEPTION: 1 validation error for FinancialReport
input
  Field required [type=missing, input_value={'ticker': 'AAPL', 'repor...pe': 'income_statement'}, input_type=dict]
    For further information visit https://errors.pydantic.dev/2.12/v/missing

======================================================================
Testing: search/stock_price
======================================================================
❌ EXCEPTION: 1 validation error for StockPrice
input
  Field required [type=missing, input_value={'ticker': 'AAPL'}, input_type=dict]
    For further information visit https://errors.pydantic.dev/2.12/v/missing

======================================================================
CATEGORY: WEB CONTENT & DATA (5 tools)
======================================================================

======================================================================
Testing: web_content/crawler
======================================================================
❌ EXCEPTION: 1 validation error for Crawler
input
  Field required [type=missing, input_value={'url': 'https://example.com', 'max_depth': 1}, input_type=dict]
    For further information visit https://errors.pydantic.dev/2.12/v/missing

======================================================================
Testing: web_content/url_metadata
======================================================================
❌ EXCEPTION: 1 validation error for UrlMetadata
input
  Field required [type=missing, input_value={'url': 'https://example.com'}, input_type=dict]
    For further information visit https://errors.pydantic.dev/2.12/v/missing

======================================================================
CATEGORY: UTILITIES (2 tools)
======================================================================

======================================================================
Testing: utils/think
======================================================================
✓ Tool instantiated: {'thought': 'Testing the think tool'}
2025-11-20 16:51:50,061 - agentswarm.tools.think - INFO - Starting think [request_id=96923ac5-477b-4cc0-bbe6-b63345b1c915]
2025-11-20 16:51:50,062 - agentswarm.tools.think - INFO - Completed think in 0.39ms [request_id=96923ac5-477b-4cc0-bbe6-b63345b1c915] Result: {'success': True, 'result': {'stored': 'Testing the think tool', 'message': 'Thought recorded intern...
✅ SUCCESS
   Result preview: {'stored': 'Testing the think tool', 'message': 'Thought recorded internally'}

======================================================================
Testing: utils/ask_for_clarification
======================================================================
2025-11-20 16:51:50,064 - agentswarm.tools.ask_for_clarification - INFO - Starting ask_for_clarification [request_id=7dab0f76-2133-47a2-93a1-d26907d2bda6]
✓ Tool instantiated: {'question': 'What is the purpose of this test?'}
2025-11-20 16:51:50,064 - agentswarm.tools.ask_for_clarification - INFO - Completed ask_for_clarification in 0.22ms [request_id=7dab0f76-2133-47a2-93a1-d26907d2bda6] Result: {'success': True, 'result': {'message': 'Clarification required', 'question': 'What is the purpose o...
✅ SUCCESS
   Result preview: {'message': 'Clarification required', 'question': 'What is the purpose of this test?', 'awaiting_user_response': True}

======================================================================
CATEGORY: CODE EXECUTION (5 tools)
======================================================================

======================================================================
Testing: code_execution/read_tool
======================================================================
❌ EXCEPTION: 1 validation error for ReadTool
input
  Field required [type=missing, input_value={'file_path': '/tmp/test_read.txt'}, input_type=dict]
    For further information visit https://errors.pydantic.dev/2.12/v/missing

======================================================================
Testing: code_execution/write_tool
======================================================================
❌ EXCEPTION: 1 validation error for WriteTool
input
  Field required [type=missing, input_value={'file_path': '/tmp/test_...ontent': 'Test content'}, input_type=dict]
    For further information visit https://errors.pydantic.dev/2.12/v/missing

================================================================================
TEST SUMMARY
================================================================================

✅ PASSED: 3 tools
   ✓ search/video_search
   ✓ utils/think
   ✓ utils/ask_for_clarification

❌ FAILED: 10 tools
   ✗ workspace/notion_search: {'code': 'API_ERROR', 'message': 'Failed: notion_search: [API_ERROR] NOTION_API_KEY environment variable not set', 'tool': 'notion_search', 'retry_after': None, 'details': {'api_name': None, 'status_code': None}, 'request_id': '87d6d085-50ce-42dd-87cf-4c1f2ff56a02'}
   ✗ search/web_search: {'code': 'API_ERROR', 'message': 'Failed: web_search: [API_ERROR] API request failed: 400 Client Error: Bad Request for url: https://www.googleapis.com/customsearch/v1?q=Python+programming&num=3&key=YOUR_API_KEY&cx=YOUR_SEARCH_ENGINE_ID', 'tool': 'web_search', 'retry_after': None, 'details': {'api_name': None, 'status_code': None}, 'request_id': '76b8a602-1ed2-4e1f-934f-bf809a38b136'}
   ✗ search/scholar_search: {'code': 'API_ERROR', 'message': 'Failed: scholar_search: [API_ERROR] API request failed: HTTPSConnectionPool(host=\'api.example.com\', port=443): Max retries exceeded with url: /scholarly-search?query=machine+learning&max_results=3 (Caused by NameResolutionError("<urllib3.connection.HTTPSConnection object at 0xffff86110dd0>: Failed to resolve \'api.example.com\' ([Errno -2] Name or service not known)"))', 'tool': 'scholar_search', 'retry_after': None, 'details': {'api_name': None, 'status_code': None}, 'request_id': '0e46e660-7777-4623-b916-1b7bce055887'}
   ✗ search/google_product_search: {'code': 'API_ERROR', 'message': 'Failed: google_product_search: [API_ERROR] API request failed: 400 Client Error: Bad Request for url: https://www.googleapis.com/customsearch/v1?q=laptop&num=10&start=1&key=AIzaSyAmN7wxl_9POIFdDhRmswKjf74bzVi-Wkc&cx=c27d4872b54864599&searchType=shopping', 'tool': 'google_product_search', 'retry_after': None, 'details': {'api_name': None, 'status_code': None}, 'request_id': '9a0b6d29-ba76-4c2e-b89a-8c26f2a8fe0e'}
   ✗ search/financial_report: 1 validation error for FinancialReport
input
  Field required [type=missing, input_value={'ticker': 
   ✗ search/stock_price: 1 validation error for StockPrice
input
  Field required [type=missing, input_value={'ticker': 'AAPL
   ✗ web_content/crawler: 1 validation error for Crawler
input
  Field required [type=missing, input_value={'url': 'https://ex
   ✗ web_content/url_metadata: 1 validation error for UrlMetadata
input
  Field required [type=missing, input_value={'url': 'https:
   ✗ code_execution/read_tool: 1 validation error for ReadTool
input
  Field required [type=missing, input_value={'file_path': '/tm
   ✗ code_execution/write_tool: 1 validation error for WriteTool
input
  Field required [type=missing, input_value={'file_path': '/t

⚠️  SKIPPED: 2 tools
   - workspace/notion_read: No pages to test
   - search/image_search: No API key

================================================================================
TOTAL TESTED: 15 tools
Success Rate: 3/13 (23.1%)
================================================================================

